{"level":"info","message":"HTTP Server is running on port 5003","timestamp":"2025-05-30T22:21:25.860Z"}
{"level":"info","message":"✅ Connected to MongoDB Atlas - Database: Predavanja","timestamp":"2025-05-30T22:21:25.905Z"}
{"level":"info","message":"📊 MongoDB connection state:","timestamp":"2025-05-30T22:21:25.905Z"}
{"level":"info","message":"Fetching all daije","timestamp":"2025-05-30T22:21:41.134Z"}
{"level":"info","message":"Fetching all organizations","timestamp":"2025-05-30T22:21:41.139Z"}
{"level":"info","message":"Fetching all lectures","timestamp":"2025-05-30T22:21:41.140Z"}
{"level":"info","message":"Found 0 organizations","timestamp":"2025-05-30T22:21:41.144Z"}
{"level":"info","message":"Found 0 daije","timestamp":"2025-05-30T22:21:41.147Z"}
{"level":"info","message":"Found 0 lectures:","timestamp":"2025-05-30T22:21:41.149Z"}
{"level":"info","message":"Fetching all organizations","timestamp":"2025-05-30T22:21:41.151Z"}
{"level":"info","message":"Fetching all daije","timestamp":"2025-05-30T22:21:41.152Z"}
{"level":"info","message":"Fetching all lectures","timestamp":"2025-05-30T22:21:41.152Z"}
{"level":"info","message":"Found 0 organizations","timestamp":"2025-05-30T22:21:41.153Z"}
{"level":"info","message":"Found 0 daije","timestamp":"2025-05-30T22:21:41.154Z"}
{"level":"info","message":"Found 0 lectures:","timestamp":"2025-05-30T22:21:41.155Z"}
{"level":"info","message":"Fetching all organizations","timestamp":"2025-05-30T22:21:41.156Z"}
{"level":"info","message":"Found 0 organizations","timestamp":"2025-05-30T22:21:41.157Z"}
{"level":"info","message":"Fetching all organizations","timestamp":"2025-05-30T22:21:41.170Z"}
{"level":"info","message":"Fetching all daije","timestamp":"2025-05-30T22:21:41.170Z"}
{"level":"info","message":"Found 0 organizations","timestamp":"2025-05-30T22:21:41.172Z"}
{"level":"info","message":"Found 0 daije","timestamp":"2025-05-30T22:21:41.173Z"}
{"level":"info","message":"Fetching all daije","timestamp":"2025-05-30T22:21:41.185Z"}
{"level":"info","message":"Found 0 daije","timestamp":"2025-05-30T22:21:41.186Z"}
{"level":"info","message":"Fetching all lectures","timestamp":"2025-05-30T22:21:45.568Z"}
{"level":"info","message":"Found 0 lectures:","timestamp":"2025-05-30T22:21:45.570Z"}
{"level":"info","message":"Fetching all lectures","timestamp":"2025-05-30T22:21:45.572Z"}
{"level":"info","message":"Found 0 lectures:","timestamp":"2025-05-30T22:21:45.574Z"}
{"level":"info","message":"Fetching all daije","timestamp":"2025-05-30T22:21:45.627Z"}
{"level":"info","message":"Fetching all organizations","timestamp":"2025-05-30T22:21:45.628Z"}
{"level":"info","message":"Found 0 daije","timestamp":"2025-05-30T22:21:45.629Z"}
{"level":"info","message":"Found 0 organizations","timestamp":"2025-05-30T22:21:45.630Z"}
{"level":"info","message":"Fetching all daije","timestamp":"2025-05-30T22:21:45.632Z"}
{"level":"info","message":"Fetching all organizations","timestamp":"2025-05-30T22:21:45.633Z"}
{"level":"info","message":"Found 0 daije","timestamp":"2025-05-30T22:21:45.634Z"}
{"level":"info","message":"Found 0 organizations","timestamp":"2025-05-30T22:21:45.635Z"}
{"level":"info","message":"Fetching all daije","timestamp":"2025-05-30T22:21:45.636Z"}
{"level":"info","message":"Fetching all organizations","timestamp":"2025-05-30T22:21:45.637Z"}
{"level":"info","message":"Found 0 daije","timestamp":"2025-05-30T22:21:45.638Z"}
{"level":"info","message":"Found 0 organizations","timestamp":"2025-05-30T22:21:45.639Z"}
{"level":"info","message":"Fetching all daije","timestamp":"2025-05-30T22:21:45.641Z"}
{"level":"info","message":"Fetching all organizations","timestamp":"2025-05-30T22:21:45.641Z"}
{"level":"info","message":"Found 0 daije","timestamp":"2025-05-30T22:21:45.642Z"}
{"level":"info","message":"Found 0 organizations","timestamp":"2025-05-30T22:21:45.643Z"}
{"level":"info","message":"Fetching all lectures","timestamp":"2025-05-30T22:24:20.040Z"}
{"level":"info","message":"Found 0 lectures:","timestamp":"2025-05-30T22:24:20.041Z"}
{"level":"info","message":"Fetching all lectures","timestamp":"2025-05-30T22:24:20.042Z"}
{"level":"info","message":"Found 0 lectures:","timestamp":"2025-05-30T22:24:20.042Z"}
{"level":"info","message":"Fetching all daije","timestamp":"2025-05-30T22:24:20.119Z"}
{"level":"info","message":"Found 0 daije","timestamp":"2025-05-30T22:24:20.121Z"}
{"level":"info","message":"Fetching all organizations","timestamp":"2025-05-30T22:24:20.122Z"}
{"level":"info","message":"Found 0 organizations","timestamp":"2025-05-30T22:24:20.123Z"}
{"level":"info","message":"Fetching all daije","timestamp":"2025-05-30T22:24:20.124Z"}
{"level":"info","message":"Found 0 daije","timestamp":"2025-05-30T22:24:20.125Z"}
{"level":"info","message":"Fetching all organizations","timestamp":"2025-05-30T22:24:20.126Z"}
{"level":"info","message":"Found 0 organizations","timestamp":"2025-05-30T22:24:20.127Z"}
{"level":"info","message":"Fetching all daije","timestamp":"2025-05-30T22:24:20.127Z"}
{"level":"info","message":"Found 0 daije","timestamp":"2025-05-30T22:24:20.128Z"}
{"level":"info","message":"Fetching all organizations","timestamp":"2025-05-30T22:24:20.129Z"}
{"level":"info","message":"Found 0 organizations","timestamp":"2025-05-30T22:24:20.130Z"}
{"level":"info","message":"Fetching all daije","timestamp":"2025-05-30T22:24:20.130Z"}
{"level":"info","message":"Found 0 daije","timestamp":"2025-05-30T22:24:20.131Z"}
{"level":"info","message":"Fetching all organizations","timestamp":"2025-05-30T22:24:20.132Z"}
{"level":"info","message":"Found 0 organizations","timestamp":"2025-05-30T22:24:20.133Z"}
{"level":"info","message":"Fetching all daije","timestamp":"2025-05-30T22:24:21.254Z"}
{"level":"info","message":"Fetching all organizations","timestamp":"2025-05-30T22:24:21.256Z"}
{"level":"info","message":"Found 0 daije","timestamp":"2025-05-30T22:24:21.256Z"}
{"level":"info","message":"Fetching all lectures","timestamp":"2025-05-30T22:24:21.257Z"}
{"level":"info","message":"Found 0 organizations","timestamp":"2025-05-30T22:24:21.258Z"}
{"level":"info","message":"Fetching all daije","timestamp":"2025-05-30T22:24:21.259Z"}
{"level":"info","message":"Found 0 lectures:","timestamp":"2025-05-30T22:24:21.259Z"}
{"level":"info","message":"Fetching all organizations","timestamp":"2025-05-30T22:24:21.261Z"}
{"level":"info","message":"Found 0 daije","timestamp":"2025-05-30T22:24:21.261Z"}
{"level":"info","message":"Fetching all lectures","timestamp":"2025-05-30T22:24:21.263Z"}
{"level":"info","message":"Found 0 organizations","timestamp":"2025-05-30T22:24:21.263Z"}
{"level":"info","message":"Found 0 lectures:","timestamp":"2025-05-30T22:24:21.264Z"}
{"level":"info","message":"Fetching all organizations","timestamp":"2025-05-30T22:24:21.278Z"}
{"level":"info","message":"Found 0 organizations","timestamp":"2025-05-30T22:24:21.279Z"}
{"level":"info","message":"Fetching all organizations","timestamp":"2025-05-30T22:24:21.281Z"}
{"level":"info","message":"Found 0 organizations","timestamp":"2025-05-30T22:24:21.282Z"}
{"level":"info","message":"Fetching all daije","timestamp":"2025-05-30T22:24:21.299Z"}
{"level":"info","message":"Found 0 daije","timestamp":"2025-05-30T22:24:21.300Z"}
{"level":"info","message":"Fetching all daije","timestamp":"2025-05-30T22:24:21.302Z"}
{"level":"info","message":"Found 0 daije","timestamp":"2025-05-30T22:24:21.303Z"}
