
> server@1.0.0 start
> node index.js

🔧 Loading environment from: .env.local
🌍 NODE_ENV: development
📦 MONGODB_URI loaded: YES
📦 MONGODB_URI (masked): mongodb://****:****@194.163.176.171:27017/Predavanja?authSource=admin
🔍 [DEBUG] authenticateToken: function [AsyncFunction: authMiddleware]
🔍 [DEBUG] isAdminOrSuperAdmin: function [Function: isAdminOrSuperAdmin]
🌍 Environment: development
🔧 Development mode - Next.js dev server handles static files
🔧 Start frontend with: npm run dev
📁 Development mode: uploads handled by production server (https://ders.ba)
📁 Upload configuration: {
  environment: 'development',
  uploadsDir: null,
  localStorageEnabled: false
}
Starting server setup...
PORT: 5003
NODE_ENV: development
Environment: DEVELOPMENT
MongoDB URI: mongodb://****:****@194.163.176.171:27017/Predavanja?authSource=admin
Attempting MongoDB connection...
✅ Connected to MongoDB
info: Connected to MongoDB Database: Predavanja {"timestamp":"2025-06-16T16:22:45.669Z"}
info: MongoDB connection state: {"timestamp":"2025-06-16T16:22:45.674Z"}
info: Database performance indexes created {"timestamp":"2025-06-16T16:22:46.640Z"}
🚀 Server is running on port 5003
info: HTTP Server is running on port 5003 {"timestamp":"2025-06-16T16:22:46.643Z"}
info: Fetching dashboard lectures {"timestamp":"2025-06-16T16:25:16.756Z"}
info: Found 2 dashboard lectures {"timestamp":"2025-06-16T16:25:16.865Z"}
127.0.0.1 - - [16/Jun/2025:16:25:16 +0000] "GET /api/lectures/dashboard/public HTTP/1.1" 200 1362 "-" "curl/8.5.0"
🚀 [PERFORMANCE] /api/lectures/public endpoint called at: 2025-06-16T17:09:22.573Z
info: Fetching public lectures {"timestamp":"2025-06-16T17:09:22.574Z"}
📊 [PERFORMANCE] Database state: connected (1)
🔍 [PERFORMANCE] Starting super-optimized database query...
✅ [PERFORMANCE] Used hint-forced query
⚡ [PERFORMANCE] Super-optimized database query completed in: 95ms
📊 [PERFORMANCE] Found 2 public lectures
info: Found 2 public lectures {"timestamp":"2025-06-16T17:09:22.670Z"}
🔄 [PERFORMANCE] Starting lightning-fast data transformation...
⚡ [PERFORMANCE] Lightning-fast data transformation completed in: 0ms
📅 [PERFORMANCE] Starting custom date-based sorting...
📅 [PERFORMANCE] Custom sorting completed in: 1ms
📊 [PERFORMANCE] Future lectures: 1, Past lectures: 1
📈 [PERFORMANCE] Super-optimized endpoint timing breakdown:
  - Database query: 95ms (96.9%)
  - Data transformation: 0ms (0.0%)
  - Custom sorting: 1ms (1.0%)
  - Total endpoint time: 98ms
🎯 [PERFORMANCE] Performance grade: VERY_GOOD (98ms)
127.0.0.1 - - [16/Jun/2025:17:09:22 +0000] "GET /api/lectures/public HTTP/1.1" 304 - "http://localhost:3000/" "Mozilla/5.0 (Windows NT 10.0; Win64; x64) AppleWebKit/537.36 (KHTML, like Gecko) Chrome/137.0.0.0 Safari/537.36"
🚀 [PERFORMANCE] /api/lectures/public endpoint called at: 2025-06-16T17:09:22.674Z
info: Fetching public lectures {"timestamp":"2025-06-16T17:09:22.674Z"}
📊 [PERFORMANCE] Database state: connected (1)
🔍 [PERFORMANCE] Starting super-optimized database query...
info: Fetching all organizations {"timestamp":"2025-06-16T17:09:22.680Z"}
info: Found 3 approved organizations {"timestamp":"2025-06-16T17:09:22.725Z"}
✅ [PERFORMANCE] Used hint-forced query
⚡ [PERFORMANCE] Super-optimized database query completed in: 88ms
📊 [PERFORMANCE] Found 2 public lectures
info: Found 2 public lectures {"timestamp":"2025-06-16T17:09:22.764Z"}
🔄 [PERFORMANCE] Starting lightning-fast data transformation...
⚡ [PERFORMANCE] Lightning-fast data transformation completed in: 0ms
📅 [PERFORMANCE] Starting custom date-based sorting...
📅 [PERFORMANCE] Custom sorting completed in: 0ms
📊 [PERFORMANCE] Future lectures: 1, Past lectures: 1
📈 [PERFORMANCE] Super-optimized endpoint timing breakdown:
  - Database query: 88ms (96.7%)
  - Data transformation: 0ms (0.0%)
  - Custom sorting: 0ms (0.0%)
  - Total endpoint time: 91ms
🎯 [PERFORMANCE] Performance grade: VERY_GOOD (91ms)
127.0.0.1 - - [16/Jun/2025:17:09:22 +0000] "GET /api/lectures/public HTTP/1.1" 304 - "http://localhost:3000/" "Mozilla/5.0 (Windows NT 10.0; Win64; x64) AppleWebKit/537.36 (KHTML, like Gecko) Chrome/137.0.0.0 Safari/537.36"
info: Processed 3 organizations with lecture counts {"timestamp":"2025-06-16T17:09:22.777Z"}
127.0.0.1 - - [16/Jun/2025:17:09:22 +0000] "GET /api/organizations HTTP/1.1" 304 - "http://localhost:3000/" "Mozilla/5.0 (Windows NT 10.0; Win64; x64) AppleWebKit/537.36 (KHTML, like Gecko) Chrome/137.0.0.0 Safari/537.36"
info: Fetching all organizations {"timestamp":"2025-06-16T17:09:22.789Z"}
info: Fetching all daije {"timestamp":"2025-06-16T17:09:22.832Z"}
info: Found 3 approved organizations {"timestamp":"2025-06-16T17:09:22.835Z"}
info: Found 14 approved daije {"timestamp":"2025-06-16T17:09:22.880Z"}
info: Processed 3 organizations with lecture counts {"timestamp":"2025-06-16T17:09:22.886Z"}
127.0.0.1 - - [16/Jun/2025:17:09:22 +0000] "GET /api/organizations HTTP/1.1" 304 - "http://localhost:3000/" "Mozilla/5.0 (Windows NT 10.0; Win64; x64) AppleWebKit/537.36 (KHTML, like Gecko) Chrome/137.0.0.0 Safari/537.36"
info: Processed 14 daije with lecture counts {"timestamp":"2025-06-16T17:09:23.059Z"}
127.0.0.1 - - [16/Jun/2025:17:09:23 +0000] "GET /api/daije HTTP/1.1" 304 - "http://localhost:3000/" "Mozilla/5.0 (Windows NT 10.0; Win64; x64) AppleWebKit/537.36 (KHTML, like Gecko) Chrome/137.0.0.0 Safari/537.36"
info: Fetching all daije {"timestamp":"2025-06-16T17:09:23.061Z"}
info: Found 14 approved daije {"timestamp":"2025-06-16T17:09:23.106Z"}
info: Processed 14 daije with lecture counts {"timestamp":"2025-06-16T17:09:23.279Z"}
127.0.0.1 - - [16/Jun/2025:17:09:23 +0000] "GET /api/daije HTTP/1.1" 304 - "http://localhost:3000/" "Mozilla/5.0 (Windows NT 10.0; Win64; x64) AppleWebKit/537.36 (KHTML, like Gecko) Chrome/137.0.0.0 Safari/537.36"
info: Fetching lecture by ID: {"timestamp":"2025-06-16T17:09:48.880Z"}
info: Found lecture: {"id":"68487cd75e0a4fb9d63d8b62","timestamp":"2025-06-16T17:09:48.972Z","title":"On je Allah"}
127.0.0.1 - - [16/Jun/2025:17:09:48 +0000] "GET /api/lectures/68487cd75e0a4fb9d63d8b62 HTTP/1.1" 304 - "http://localhost:3000/" "Mozilla/5.0 (Windows NT 10.0; Win64; x64) AppleWebKit/537.36 (KHTML, like Gecko) Chrome/137.0.0.0 Safari/537.36"
info: Fetching lecture by ID: {"timestamp":"2025-06-16T17:09:48.976Z"}
info: Found lecture: {"id":"68487cd75e0a4fb9d63d8b62","timestamp":"2025-06-16T17:09:49.059Z","title":"On je Allah"}
127.0.0.1 - - [16/Jun/2025:17:09:49 +0000] "GET /api/lectures/68487cd75e0a4fb9d63d8b62 HTTP/1.1" 304 - "http://localhost:3000/" "Mozilla/5.0 (Windows NT 10.0; Win64; x64) AppleWebKit/537.36 (KHTML, like Gecko) Chrome/137.0.0.0 Safari/537.36"
🚀 [PERFORMANCE] /api/lectures/public endpoint called at: 2025-06-16T17:09:49.063Z
info: Fetching public lectures {"timestamp":"2025-06-16T17:09:49.063Z"}
📊 [PERFORMANCE] Database state: connected (1)
🔍 [PERFORMANCE] Starting super-optimized database query...
✅ [PERFORMANCE] Used hint-forced query
⚡ [PERFORMANCE] Super-optimized database query completed in: 83ms
📊 [PERFORMANCE] Found 2 public lectures
info: Found 2 public lectures {"timestamp":"2025-06-16T17:09:49.146Z"}
🔄 [PERFORMANCE] Starting lightning-fast data transformation...
⚡ [PERFORMANCE] Lightning-fast data transformation completed in: 0ms
📅 [PERFORMANCE] Starting custom date-based sorting...
📅 [PERFORMANCE] Custom sorting completed in: 0ms
📊 [PERFORMANCE] Future lectures: 1, Past lectures: 1
📈 [PERFORMANCE] Super-optimized endpoint timing breakdown:
  - Database query: 83ms (97.6%)
  - Data transformation: 0ms (0.0%)
  - Custom sorting: 0ms (0.0%)
  - Total endpoint time: 85ms
🎯 [PERFORMANCE] Performance grade: VERY_GOOD (85ms)
127.0.0.1 - - [16/Jun/2025:17:09:49 +0000] "GET /api/lectures/public HTTP/1.1" 304 - "http://localhost:3000/" "Mozilla/5.0 (Windows NT 10.0; Win64; x64) AppleWebKit/537.36 (KHTML, like Gecko) Chrome/137.0.0.0 Safari/537.36"
🚀 [PERFORMANCE] /api/lectures/public endpoint called at: 2025-06-16T17:09:49.150Z
info: Fetching public lectures {"timestamp":"2025-06-16T17:09:49.150Z"}
📊 [PERFORMANCE] Database state: connected (1)
🔍 [PERFORMANCE] Starting super-optimized database query...
✅ [PERFORMANCE] Used hint-forced query
⚡ [PERFORMANCE] Super-optimized database query completed in: 83ms
📊 [PERFORMANCE] Found 2 public lectures
info: Found 2 public lectures {"timestamp":"2025-06-16T17:09:49.234Z"}
🔄 [PERFORMANCE] Starting lightning-fast data transformation...
⚡ [PERFORMANCE] Lightning-fast data transformation completed in: 1ms
📅 [PERFORMANCE] Starting custom date-based sorting...
📅 [PERFORMANCE] Custom sorting completed in: 1ms
📊 [PERFORMANCE] Future lectures: 1, Past lectures: 1
📈 [PERFORMANCE] Super-optimized endpoint timing breakdown:
  - Database query: 83ms (96.5%)
  - Data transformation: 1ms (1.2%)
  - Custom sorting: 1ms (1.2%)
  - Total endpoint time: 86ms
🎯 [PERFORMANCE] Performance grade: VERY_GOOD (86ms)
127.0.0.1 - - [16/Jun/2025:17:09:49 +0000] "GET /api/lectures/public HTTP/1.1" 304 - "http://localhost:3000/" "Mozilla/5.0 (Windows NT 10.0; Win64; x64) AppleWebKit/537.36 (KHTML, like Gecko) Chrome/137.0.0.0 Safari/537.36"
🚀 [PERFORMANCE] /api/lectures/public endpoint called at: 2025-06-16T17:09:53.767Z
info: Fetching public lectures {"timestamp":"2025-06-16T17:09:53.768Z"}
📊 [PERFORMANCE] Database state: connected (1)
🔍 [PERFORMANCE] Starting super-optimized database query...
✅ [PERFORMANCE] Used hint-forced query
⚡ [PERFORMANCE] Super-optimized database query completed in: 89ms
📊 [PERFORMANCE] Found 2 public lectures
info: Found 2 public lectures {"timestamp":"2025-06-16T17:09:53.857Z"}
🔄 [PERFORMANCE] Starting lightning-fast data transformation...
⚡ [PERFORMANCE] Lightning-fast data transformation completed in: 1ms
📅 [PERFORMANCE] Starting custom date-based sorting...
📅 [PERFORMANCE] Custom sorting completed in: 0ms
📊 [PERFORMANCE] Future lectures: 1, Past lectures: 1
📈 [PERFORMANCE] Super-optimized endpoint timing breakdown:
  - Database query: 89ms (97.8%)
  - Data transformation: 1ms (1.1%)
  - Custom sorting: 0ms (0.0%)
  - Total endpoint time: 91ms
🎯 [PERFORMANCE] Performance grade: VERY_GOOD (91ms)
127.0.0.1 - - [16/Jun/2025:17:09:53 +0000] "GET /api/lectures/public HTTP/1.1" 304 - "http://localhost:3000/" "Mozilla/5.0 (Windows NT 10.0; Win64; x64) AppleWebKit/537.36 (KHTML, like Gecko) Chrome/137.0.0.0 Safari/537.36"
🚀 [PERFORMANCE] /api/lectures/public endpoint called at: 2025-06-16T17:09:53.860Z
info: Fetching public lectures {"timestamp":"2025-06-16T17:09:53.861Z"}
📊 [PERFORMANCE] Database state: connected (1)
🔍 [PERFORMANCE] Starting super-optimized database query...
info: Fetching all organizations {"timestamp":"2025-06-16T17:09:53.864Z"}
info: Found 3 approved organizations {"timestamp":"2025-06-16T17:09:53.905Z"}
✅ [PERFORMANCE] Used hint-forced query
⚡ [PERFORMANCE] Super-optimized database query completed in: 80ms
📊 [PERFORMANCE] Found 2 public lectures
info: Found 2 public lectures {"timestamp":"2025-06-16T17:09:53.942Z"}
🔄 [PERFORMANCE] Starting lightning-fast data transformation...
⚡ [PERFORMANCE] Lightning-fast data transformation completed in: 0ms
📅 [PERFORMANCE] Starting custom date-based sorting...
📅 [PERFORMANCE] Custom sorting completed in: 1ms
📊 [PERFORMANCE] Future lectures: 1, Past lectures: 1
📈 [PERFORMANCE] Super-optimized endpoint timing breakdown:
  - Database query: 80ms (96.4%)
  - Data transformation: 0ms (0.0%)
  - Custom sorting: 1ms (1.2%)
  - Total endpoint time: 83ms
🎯 [PERFORMANCE] Performance grade: VERY_GOOD (83ms)
127.0.0.1 - - [16/Jun/2025:17:09:53 +0000] "GET /api/lectures/public HTTP/1.1" 304 - "http://localhost:3000/" "Mozilla/5.0 (Windows NT 10.0; Win64; x64) AppleWebKit/537.36 (KHTML, like Gecko) Chrome/137.0.0.0 Safari/537.36"
info: Processed 3 organizations with lecture counts {"timestamp":"2025-06-16T17:09:53.952Z"}
127.0.0.1 - - [16/Jun/2025:17:09:53 +0000] "GET /api/organizations HTTP/1.1" 304 - "http://localhost:3000/" "Mozilla/5.0 (Windows NT 10.0; Win64; x64) AppleWebKit/537.36 (KHTML, like Gecko) Chrome/137.0.0.0 Safari/537.36"
info: Fetching all organizations {"timestamp":"2025-06-16T17:09:53.953Z"}
info: Fetching all daije {"timestamp":"2025-06-16T17:09:53.981Z"}
info: Found 3 approved organizations {"timestamp":"2025-06-16T17:09:53.997Z"}
info: Found 14 approved daije {"timestamp":"2025-06-16T17:09:54.024Z"}
info: Processed 3 organizations with lecture counts {"timestamp":"2025-06-16T17:09:54.040Z"}
127.0.0.1 - - [16/Jun/2025:17:09:54 +0000] "GET /api/organizations HTTP/1.1" 304 - "http://localhost:3000/" "Mozilla/5.0 (Windows NT 10.0; Win64; x64) AppleWebKit/537.36 (KHTML, like Gecko) Chrome/137.0.0.0 Safari/537.36"
info: Processed 14 daije with lecture counts {"timestamp":"2025-06-16T17:09:54.204Z"}
127.0.0.1 - - [16/Jun/2025:17:09:54 +0000] "GET /api/daije HTTP/1.1" 304 - "http://localhost:3000/" "Mozilla/5.0 (Windows NT 10.0; Win64; x64) AppleWebKit/537.36 (KHTML, like Gecko) Chrome/137.0.0.0 Safari/537.36"
info: Fetching all daije {"timestamp":"2025-06-16T17:09:54.207Z"}
info: Found 14 approved daije {"timestamp":"2025-06-16T17:09:54.247Z"}
info: Processed 14 daije with lecture counts {"timestamp":"2025-06-16T17:09:54.425Z"}
127.0.0.1 - - [16/Jun/2025:17:09:54 +0000] "GET /api/daije HTTP/1.1" 304 - "http://localhost:3000/" "Mozilla/5.0 (Windows NT 10.0; Win64; x64) AppleWebKit/537.36 (KHTML, like Gecko) Chrome/137.0.0.0 Safari/537.36"
info: Fetching lecture by ID: {"timestamp":"2025-06-16T17:09:54.864Z"}
info: Found lecture: {"id":"68487cd75e0a4fb9d63d8b62","timestamp":"2025-06-16T17:09:54.949Z","title":"On je Allah"}
127.0.0.1 - - [16/Jun/2025:17:09:54 +0000] "GET /api/lectures/68487cd75e0a4fb9d63d8b62 HTTP/1.1" 304 - "http://localhost:3000/" "Mozilla/5.0 (Windows NT 10.0; Win64; x64) AppleWebKit/537.36 (KHTML, like Gecko) Chrome/137.0.0.0 Safari/537.36"
info: Fetching lecture by ID: {"timestamp":"2025-06-16T17:09:54.951Z"}
🚀 [PERFORMANCE] /api/lectures/public endpoint called at: 2025-06-16T17:09:54.972Z
info: Fetching public lectures {"timestamp":"2025-06-16T17:09:54.973Z"}
📊 [PERFORMANCE] Database state: connected (1)
🔍 [PERFORMANCE] Starting super-optimized database query...
info: Found lecture: {"id":"68487cd75e0a4fb9d63d8b62","timestamp":"2025-06-16T17:09:55.037Z","title":"On je Allah"}
127.0.0.1 - - [16/Jun/2025:17:09:55 +0000] "GET /api/lectures/68487cd75e0a4fb9d63d8b62 HTTP/1.1" 304 - "http://localhost:3000/" "Mozilla/5.0 (Windows NT 10.0; Win64; x64) AppleWebKit/537.36 (KHTML, like Gecko) Chrome/137.0.0.0 Safari/537.36"
✅ [PERFORMANCE] Used hint-forced query
⚡ [PERFORMANCE] Super-optimized database query completed in: 79ms
📊 [PERFORMANCE] Found 2 public lectures
info: Found 2 public lectures {"timestamp":"2025-06-16T17:09:55.053Z"}
🔄 [PERFORMANCE] Starting lightning-fast data transformation...
⚡ [PERFORMANCE] Lightning-fast data transformation completed in: 0ms
📅 [PERFORMANCE] Starting custom date-based sorting...
📅 [PERFORMANCE] Custom sorting completed in: 0ms
📊 [PERFORMANCE] Future lectures: 1, Past lectures: 1
📈 [PERFORMANCE] Super-optimized endpoint timing breakdown:
  - Database query: 79ms (96.3%)
  - Data transformation: 0ms (0.0%)
  - Custom sorting: 0ms (0.0%)
  - Total endpoint time: 82ms
🎯 [PERFORMANCE] Performance grade: VERY_GOOD (82ms)
127.0.0.1 - - [16/Jun/2025:17:09:55 +0000] "GET /api/lectures/public HTTP/1.1" 304 - "http://localhost:3000/" "Mozilla/5.0 (Windows NT 10.0; Win64; x64) AppleWebKit/537.36 (KHTML, like Gecko) Chrome/137.0.0.0 Safari/537.36"
🚀 [PERFORMANCE] /api/lectures/public endpoint called at: 2025-06-16T17:09:55.056Z
info: Fetching public lectures {"timestamp":"2025-06-16T17:09:55.056Z"}
📊 [PERFORMANCE] Database state: connected (1)
🔍 [PERFORMANCE] Starting super-optimized database query...
✅ [PERFORMANCE] Used hint-forced query
⚡ [PERFORMANCE] Super-optimized database query completed in: 82ms
📊 [PERFORMANCE] Found 2 public lectures
info: Found 2 public lectures {"timestamp":"2025-06-16T17:09:55.140Z"}
🔄 [PERFORMANCE] Starting lightning-fast data transformation...
⚡ [PERFORMANCE] Lightning-fast data transformation completed in: 0ms
📅 [PERFORMANCE] Starting custom date-based sorting...
📅 [PERFORMANCE] Custom sorting completed in: 0ms
📊 [PERFORMANCE] Future lectures: 1, Past lectures: 1
📈 [PERFORMANCE] Super-optimized endpoint timing breakdown:
  - Database query: 82ms (96.5%)
  - Data transformation: 0ms (0.0%)
  - Custom sorting: 0ms (0.0%)
  - Total endpoint time: 85ms
🎯 [PERFORMANCE] Performance grade: VERY_GOOD (85ms)
127.0.0.1 - - [16/Jun/2025:17:09:55 +0000] "GET /api/lectures/public HTTP/1.1" 304 - "http://localhost:3000/" "Mozilla/5.0 (Windows NT 10.0; Win64; x64) AppleWebKit/537.36 (KHTML, like Gecko) Chrome/137.0.0.0 Safari/537.36"
🚀 [PERFORMANCE] /api/lectures/public endpoint called at: 2025-06-16T17:09:57.279Z
info: Fetching public lectures {"timestamp":"2025-06-16T17:09:57.279Z"}
📊 [PERFORMANCE] Database state: connected (1)
🔍 [PERFORMANCE] Starting super-optimized database query...
✅ [PERFORMANCE] Used hint-forced query
⚡ [PERFORMANCE] Super-optimized database query completed in: 87ms
📊 [PERFORMANCE] Found 2 public lectures
info: Found 2 public lectures {"timestamp":"2025-06-16T17:09:57.368Z"}
🔄 [PERFORMANCE] Starting lightning-fast data transformation...
⚡ [PERFORMANCE] Lightning-fast data transformation completed in: 0ms
📅 [PERFORMANCE] Starting custom date-based sorting...
📅 [PERFORMANCE] Custom sorting completed in: 1ms
📊 [PERFORMANCE] Future lectures: 1, Past lectures: 1
📈 [PERFORMANCE] Super-optimized endpoint timing breakdown:
  - Database query: 87ms (96.7%)
  - Data transformation: 0ms (0.0%)
  - Custom sorting: 1ms (1.1%)
  - Total endpoint time: 90ms
🎯 [PERFORMANCE] Performance grade: VERY_GOOD (90ms)
127.0.0.1 - - [16/Jun/2025:17:09:57 +0000] "GET /api/lectures/public HTTP/1.1" 304 - "http://localhost:3000/" "Mozilla/5.0 (Windows NT 10.0; Win64; x64) AppleWebKit/537.36 (KHTML, like Gecko) Chrome/137.0.0.0 Safari/537.36"
🚀 [PERFORMANCE] /api/lectures/public endpoint called at: 2025-06-16T17:09:57.371Z
info: Fetching public lectures {"timestamp":"2025-06-16T17:09:57.372Z"}
📊 [PERFORMANCE] Database state: connected (1)
🔍 [PERFORMANCE] Starting super-optimized database query...
info: Fetching all organizations {"timestamp":"2025-06-16T17:09:57.373Z"}
info: Found 3 approved organizations {"timestamp":"2025-06-16T17:09:57.421Z"}
✅ [PERFORMANCE] Used hint-forced query
⚡ [PERFORMANCE] Super-optimized database query completed in: 81ms
📊 [PERFORMANCE] Found 2 public lectures
info: Found 2 public lectures {"timestamp":"2025-06-16T17:09:57.454Z"}
🔄 [PERFORMANCE] Starting lightning-fast data transformation...
⚡ [PERFORMANCE] Lightning-fast data transformation completed in: 0ms
📅 [PERFORMANCE] Starting custom date-based sorting...
📅 [PERFORMANCE] Custom sorting completed in: 1ms
📊 [PERFORMANCE] Future lectures: 1, Past lectures: 1
📈 [PERFORMANCE] Super-optimized endpoint timing breakdown:
  - Database query: 81ms (96.4%)
  - Data transformation: 0ms (0.0%)
  - Custom sorting: 1ms (1.2%)
  - Total endpoint time: 84ms
🎯 [PERFORMANCE] Performance grade: VERY_GOOD (84ms)
127.0.0.1 - - [16/Jun/2025:17:09:57 +0000] "GET /api/lectures/public HTTP/1.1" 304 - "http://localhost:3000/" "Mozilla/5.0 (Windows NT 10.0; Win64; x64) AppleWebKit/537.36 (KHTML, like Gecko) Chrome/137.0.0.0 Safari/537.36"
info: Processed 3 organizations with lecture counts {"timestamp":"2025-06-16T17:09:57.470Z"}
127.0.0.1 - - [16/Jun/2025:17:09:57 +0000] "GET /api/organizations HTTP/1.1" 304 - "http://localhost:3000/" "Mozilla/5.0 (Windows NT 10.0; Win64; x64) AppleWebKit/537.36 (KHTML, like Gecko) Chrome/137.0.0.0 Safari/537.36"
info: Fetching all organizations {"timestamp":"2025-06-16T17:09:57.471Z"}
info: Fetching all daije {"timestamp":"2025-06-16T17:09:57.489Z"}
info: Found 3 approved organizations {"timestamp":"2025-06-16T17:09:57.516Z"}
info: Found 14 approved daije {"timestamp":"2025-06-16T17:09:57.533Z"}
info: Processed 3 organizations with lecture counts {"timestamp":"2025-06-16T17:09:57.559Z"}
127.0.0.1 - - [16/Jun/2025:17:09:57 +0000] "GET /api/organizations HTTP/1.1" 304 - "http://localhost:3000/" "Mozilla/5.0 (Windows NT 10.0; Win64; x64) AppleWebKit/537.36 (KHTML, like Gecko) Chrome/137.0.0.0 Safari/537.36"
info: Processed 14 daije with lecture counts {"timestamp":"2025-06-16T17:09:57.741Z"}
127.0.0.1 - - [16/Jun/2025:17:09:57 +0000] "GET /api/daije HTTP/1.1" 304 - "http://localhost:3000/" "Mozilla/5.0 (Windows NT 10.0; Win64; x64) AppleWebKit/537.36 (KHTML, like Gecko) Chrome/137.0.0.0 Safari/537.36"
info: Fetching all daije {"timestamp":"2025-06-16T17:09:57.743Z"}
info: Found 14 approved daije {"timestamp":"2025-06-16T17:09:57.791Z"}
info: Processed 14 daije with lecture counts {"timestamp":"2025-06-16T17:09:57.839Z"}
127.0.0.1 - - [16/Jun/2025:17:09:57 +0000] "GET /api/daije HTTP/1.1" 304 - "http://localhost:3000/" "Mozilla/5.0 (Windows NT 10.0; Win64; x64) AppleWebKit/537.36 (KHTML, like Gecko) Chrome/137.0.0.0 Safari/537.36"
🚀 [PERFORMANCE] /api/lectures/public endpoint called at: 2025-06-16T18:54:50.390Z
info: Fetching public lectures {"timestamp":"2025-06-16T18:54:50.393Z"}
📊 [PERFORMANCE] Database state: connected (1)
🔍 [PERFORMANCE] Starting super-optimized database query...
✅ [PERFORMANCE] Used hint-forced query
⚡ [PERFORMANCE] Super-optimized database query completed in: 113ms
📊 [PERFORMANCE] Found 2 public lectures
info: Found 2 public lectures {"timestamp":"2025-06-16T18:54:50.510Z"}
🔄 [PERFORMANCE] Starting lightning-fast data transformation...
⚡ [PERFORMANCE] Lightning-fast data transformation completed in: 1ms
📅 [PERFORMANCE] Starting custom date-based sorting...
📅 [PERFORMANCE] Custom sorting completed in: 0ms
📊 [PERFORMANCE] Future lectures: 1, Past lectures: 1
📈 [PERFORMANCE] Super-optimized endpoint timing breakdown:
  - Database query: 113ms (93.4%)
  - Data transformation: 1ms (0.8%)
  - Custom sorting: 0ms (0.0%)
  - Total endpoint time: 121ms
🎯 [PERFORMANCE] Performance grade: GOOD (121ms)
127.0.0.1 - - [16/Jun/2025:18:54:50 +0000] "GET /api/lectures/public HTTP/1.1" 304 - "http://localhost:3000/" "Mozilla/5.0 (Windows NT 10.0; Win64; x64) AppleWebKit/537.36 (KHTML, like Gecko) Chrome/137.0.0.0 Safari/537.36"
🚀 [PERFORMANCE] /api/lectures/public endpoint called at: 2025-06-16T18:54:50.516Z
info: Fetching public lectures {"timestamp":"2025-06-16T18:54:50.516Z"}
📊 [PERFORMANCE] Database state: connected (1)
🔍 [PERFORMANCE] Starting super-optimized database query...
info: Fetching all organizations {"timestamp":"2025-06-16T18:54:50.521Z"}
info: Found 3 approved organizations {"timestamp":"2025-06-16T18:54:50.574Z"}
✅ [PERFORMANCE] Used hint-forced query
⚡ [PERFORMANCE] Super-optimized database query completed in: 86ms
📊 [PERFORMANCE] Found 2 public lectures
info: Found 2 public lectures {"timestamp":"2025-06-16T18:54:50.603Z"}
🔄 [PERFORMANCE] Starting lightning-fast data transformation...
⚡ [PERFORMANCE] Lightning-fast data transformation completed in: 1ms
📅 [PERFORMANCE] Starting custom date-based sorting...
📅 [PERFORMANCE] Custom sorting completed in: 0ms
📊 [PERFORMANCE] Future lectures: 1, Past lectures: 1
📈 [PERFORMANCE] Super-optimized endpoint timing breakdown:
  - Database query: 86ms (97.7%)
  - Data transformation: 1ms (1.1%)
  - Custom sorting: 0ms (0.0%)
  - Total endpoint time: 88ms
🎯 [PERFORMANCE] Performance grade: VERY_GOOD (88ms)
127.0.0.1 - - [16/Jun/2025:18:54:50 +0000] "GET /api/lectures/public HTTP/1.1" 304 - "http://localhost:3000/" "Mozilla/5.0 (Windows NT 10.0; Win64; x64) AppleWebKit/537.36 (KHTML, like Gecko) Chrome/137.0.0.0 Safari/537.36"
info: Processed 3 organizations with lecture counts {"timestamp":"2025-06-16T18:54:50.626Z"}
127.0.0.1 - - [16/Jun/2025:18:54:50 +0000] "GET /api/organizations HTTP/1.1" 304 - "http://localhost:3000/" "Mozilla/5.0 (Windows NT 10.0; Win64; x64) AppleWebKit/537.36 (KHTML, like Gecko) Chrome/137.0.0.0 Safari/537.36"
info: Fetching all organizations {"timestamp":"2025-06-16T18:54:50.628Z"}
info: Found 3 approved organizations {"timestamp":"2025-06-16T18:54:50.676Z"}
info: Fetching all daije {"timestamp":"2025-06-16T18:54:50.680Z"}
info: Found 14 approved daije {"timestamp":"2025-06-16T18:54:50.725Z"}
info: Processed 3 organizations with lecture counts {"timestamp":"2025-06-16T18:54:50.733Z"}
127.0.0.1 - - [16/Jun/2025:18:54:50 +0000] "GET /api/organizations HTTP/1.1" 304 - "http://localhost:3000/" "Mozilla/5.0 (Windows NT 10.0; Win64; x64) AppleWebKit/537.36 (KHTML, like Gecko) Chrome/137.0.0.0 Safari/537.36"
info: Processed 14 daije with lecture counts {"timestamp":"2025-06-16T18:54:50.788Z"}
127.0.0.1 - - [16/Jun/2025:18:54:50 +0000] "GET /api/daije HTTP/1.1" 304 - "http://localhost:3000/" "Mozilla/5.0 (Windows NT 10.0; Win64; x64) AppleWebKit/537.36 (KHTML, like Gecko) Chrome/137.0.0.0 Safari/537.36"
info: Fetching all daije {"timestamp":"2025-06-16T18:54:50.790Z"}
info: Found 14 approved daije {"timestamp":"2025-06-16T18:54:50.840Z"}
info: Processed 14 daije with lecture counts {"timestamp":"2025-06-16T18:54:50.891Z"}
127.0.0.1 - - [16/Jun/2025:18:54:50 +0000] "GET /api/daije HTTP/1.1" 304 - "http://localhost:3000/" "Mozilla/5.0 (Windows NT 10.0; Win64; x64) AppleWebKit/537.36 (KHTML, like Gecko) Chrome/137.0.0.0 Safari/537.36"
info: Fetching all daije {"timestamp":"2025-06-16T18:55:00.392Z"}
info: Found 14 approved daije {"timestamp":"2025-06-16T18:55:00.445Z"}
info: Processed 14 daije with lecture counts {"timestamp":"2025-06-16T18:55:00.509Z"}
127.0.0.1 - - [16/Jun/2025:18:55:00 +0000] "GET /api/daije HTTP/1.1" 304 - "http://localhost:3000/" "Mozilla/5.0 (Windows NT 10.0; Win64; x64) AppleWebKit/537.36 (KHTML, like Gecko) Chrome/137.0.0.0 Safari/537.36"
info: Fetching daija by ID: {"timestamp":"2025-06-16T18:55:00.512Z"}
info: Daija found: {"id":"6846cb99ed16e478aaf0f007","name":"MIthad Ćeman","timestamp":"2025-06-16T18:55:00.559Z"}
127.0.0.1 - - [16/Jun/2025:18:55:00 +0000] "GET /api/daije/6846cb99ed16e478aaf0f007 HTTP/1.1" 200 319 "http://localhost:3000/" "Mozilla/5.0 (Windows NT 10.0; Win64; x64) AppleWebKit/537.36 (KHTML, like Gecko) Chrome/137.0.0.0 Safari/537.36"
info: Fetching all daije {"timestamp":"2025-06-16T18:55:00.561Z"}
info: Found 14 approved daije {"timestamp":"2025-06-16T18:55:00.606Z"}
info: Processed 14 daije with lecture counts {"timestamp":"2025-06-16T18:55:00.664Z"}
127.0.0.1 - - [16/Jun/2025:18:55:00 +0000] "GET /api/daije HTTP/1.1" 304 - "http://localhost:3000/" "Mozilla/5.0 (Windows NT 10.0; Win64; x64) AppleWebKit/537.36 (KHTML, like Gecko) Chrome/137.0.0.0 Safari/537.36"
info: Fetching daija by ID: {"timestamp":"2025-06-16T18:55:00.667Z"}
info: Fetching lectures by daija ID: {"timestamp":"2025-06-16T18:55:00.672Z"}
info: Daija found: {"id":"6846cb99ed16e478aaf0f007","name":"MIthad Ćeman","timestamp":"2025-06-16T18:55:00.710Z"}
127.0.0.1 - - [16/Jun/2025:18:55:00 +0000] "GET /api/daije/6846cb99ed16e478aaf0f007 HTTP/1.1" 304 - "http://localhost:3000/" "Mozilla/5.0 (Windows NT 10.0; Win64; x64) AppleWebKit/537.36 (KHTML, like Gecko) Chrome/137.0.0.0 Safari/537.36"
info: Found 0 approved lectures for daija: {"timestamp":"2025-06-16T18:55:00.712Z"}
127.0.0.1 - - [16/Jun/2025:18:55:00 +0000] "GET /api/lectures/daija/6846cb99ed16e478aaf0f007 HTTP/1.1" 200 2 "http://localhost:3000/" "Mozilla/5.0 (Windows NT 10.0; Win64; x64) AppleWebKit/537.36 (KHTML, like Gecko) Chrome/137.0.0.0 Safari/537.36"
info: Fetching lectures by daija ID: {"timestamp":"2025-06-16T18:55:00.714Z"}
info: Found 0 approved lectures for daija: {"timestamp":"2025-06-16T18:55:00.754Z"}
127.0.0.1 - - [16/Jun/2025:18:55:00 +0000] "GET /api/lectures/daija/6846cb99ed16e478aaf0f007 HTTP/1.1" 304 - "http://localhost:3000/" "Mozilla/5.0 (Windows NT 10.0; Win64; x64) AppleWebKit/537.36 (KHTML, like Gecko) Chrome/137.0.0.0 Safari/537.36"
info: Fetching all daije {"timestamp":"2025-06-16T18:55:03.986Z"}
info: Found 14 approved daije {"timestamp":"2025-06-16T18:55:04.032Z"}
info: Processed 14 daije with lecture counts {"timestamp":"2025-06-16T18:55:04.093Z"}
127.0.0.1 - - [16/Jun/2025:18:55:04 +0000] "GET /api/daije HTTP/1.1" 304 - "http://localhost:3000/" "Mozilla/5.0 (Windows NT 10.0; Win64; x64) AppleWebKit/537.36 (KHTML, like Gecko) Chrome/137.0.0.0 Safari/537.36"
info: Fetching all daije {"timestamp":"2025-06-16T18:55:04.095Z"}
info: Found 14 approved daije {"timestamp":"2025-06-16T18:55:04.152Z"}
info: Processed 14 daije with lecture counts {"timestamp":"2025-06-16T18:55:04.203Z"}
127.0.0.1 - - [16/Jun/2025:18:55:04 +0000] "GET /api/daije HTTP/1.1" 304 - "http://localhost:3000/" "Mozilla/5.0 (Windows NT 10.0; Win64; x64) AppleWebKit/537.36 (KHTML, like Gecko) Chrome/137.0.0.0 Safari/537.36"
info: Fetching public settings for dashboard {"timestamp":"2025-06-16T18:55:10.064Z"}
info: Fetching lectures for user: {"timestamp":"2025-06-16T18:55:10.067Z"}
info: Fetching public users for dashboard {"timestamp":"2025-06-16T18:55:10.069Z"}
info: Found settings for dashboard: {"approvalSettings":{"daija":true,"lecture":true,"organization":true},"timestamp":"2025-06-16T18:55:10.114Z"}
127.0.0.1 - - [16/Jun/2025:18:55:10 +0000] "GET /api/settings/public HTTP/1.1" 304 - "http://localhost:3000/" "Mozilla/5.0 (Windows NT 10.0; Win64; x64) AppleWebKit/537.36 (KHTML, like Gecko) Chrome/137.0.0.0 Safari/537.36"
info: Found 3 users for dashboard {"timestamp":"2025-06-16T18:55:10.117Z"}
127.0.0.1 - - [16/Jun/2025:18:55:10 +0000] "GET /api/users/public HTTP/1.1" 304 - "http://localhost:3000/" "Mozilla/5.0 (Windows NT 10.0; Win64; x64) AppleWebKit/537.36 (KHTML, like Gecko) Chrome/137.0.0.0 Safari/537.36"
🚀 JWT MIDDLEWARE STARTED - Entry point
🔍 Request details: { method: 'GET', url: '/api/admin/daije', path: '/api/admin/daije' }
🔧 JWT Middleware started for: {
  method: 'GET',
  url: '/api/admin/daije',
  path: '/api/admin/daije',
  headers: {
    authorization: 'Present',
    userAgent: 'Mozilla/5.0 (Windows NT 10.0; Win64; x64) AppleWeb...'
  }
}
📋 Authorization header: Bearer eyJhbGciOiJIUzI1NiIsInR...
🔑 Token found, verifying... {
  tokenPreview: 'eyJhbGciOiJIUzI1NiIs...',
  tokenLength: 223,
  jwtSecret: 'Present'
}
✅ Decoded user from token: {
  id: '684ac7db472c4651c8267b81',
  username: 'Avdo',
  role: 'super_admin',
  iat: 1749731803,
  exp: 1750336603
}
🔧 Token payload details: {
  fullDecoded: {
    id: '684ac7db472c4651c8267b81',
    username: 'Avdo',
    role: 'super_admin',
    iat: 1749731803,
    exp: 1750336603
  },
  hasId: true,
  hasUserId: false,
  has_id: false,
  userId: '684ac7db472c4651c8267b81',
  email: undefined,
  role: 'super_admin',
  exp: 1750336603,
  iat: 1749731803,
  expiresAt: '2025-06-19T12:36:43.000Z',
  allKeys: [ 'id', 'username', 'role', 'iat', 'exp' ]
}
🔧 JWT Middleware completed successfully, calling next()
🔧 req.user set to: {
  id: '684ac7db472c4651c8267b81',
  username: 'Avdo',
  role: 'super_admin',
  iat: 1749731803,
  exp: 1750336603
}
info: Checking admin/super_admin access: {"allowedRoles":["admin","super_admin"],"role":"super_admin","timestamp":"2025-06-16T18:55:10.131Z","user":{"exp":1750336603,"iat":1749731803,"id":"684ac7db472c4651c8267b81","role":"super_admin","username":"Avdo"}}
info: Access granted for role: {"timestamp":"2025-06-16T18:55:10.132Z"}
info: Admin fetching all daije (including pending/rejected) {"timestamp":"2025-06-16T18:55:10.132Z"}
🚀 JWT MIDDLEWARE STARTED - Entry point
🔍 Request details: {
  method: 'GET',
  url: '/api/admin/organizations',
  path: '/api/admin/organizations'
}
🔧 JWT Middleware started for: {
  method: 'GET',
  url: '/api/admin/organizations',
  path: '/api/admin/organizations',
  headers: {
    authorization: 'Present',
    userAgent: 'Mozilla/5.0 (Windows NT 10.0; Win64; x64) AppleWeb...'
  }
}
📋 Authorization header: Bearer eyJhbGciOiJIUzI1NiIsInR...
🔑 Token found, verifying... {
  tokenPreview: 'eyJhbGciOiJIUzI1NiIs...',
  tokenLength: 223,
  jwtSecret: 'Present'
}
✅ Decoded user from token: {
  id: '684ac7db472c4651c8267b81',
  username: 'Avdo',
  role: 'super_admin',
  iat: 1749731803,
  exp: 1750336603
}
🔧 Token payload details: {
  fullDecoded: {
    id: '684ac7db472c4651c8267b81',
    username: 'Avdo',
    role: 'super_admin',
    iat: 1749731803,
    exp: 1750336603
  },
  hasId: true,
  hasUserId: false,
  has_id: false,
  userId: '684ac7db472c4651c8267b81',
  email: undefined,
  role: 'super_admin',
  exp: 1750336603,
  iat: 1749731803,
  expiresAt: '2025-06-19T12:36:43.000Z',
  allKeys: [ 'id', 'username', 'role', 'iat', 'exp' ]
}
🔧 JWT Middleware completed successfully, calling next()
🔧 req.user set to: {
  id: '684ac7db472c4651c8267b81',
  username: 'Avdo',
  role: 'super_admin',
  iat: 1749731803,
  exp: 1750336603
}
info: Checking admin/super_admin access: {"allowedRoles":["admin","super_admin"],"role":"super_admin","timestamp":"2025-06-16T18:55:10.140Z","user":{"exp":1750336603,"iat":1749731803,"id":"684ac7db472c4651c8267b81","role":"super_admin","username":"Avdo"}}
info: Access granted for role: {"timestamp":"2025-06-16T18:55:10.140Z"}
info: Admin fetching all organizations (including pending/rejected) {"timestamp":"2025-06-16T18:55:10.141Z"}
info: Found 14 daije for admin {"timestamp":"2025-06-16T18:55:10.177Z"}
127.0.0.1 - - [16/Jun/2025:18:55:10 +0000] "GET /api/admin/daije HTTP/1.1" 304 - "http://localhost:3000/" "Mozilla/5.0 (Windows NT 10.0; Win64; x64) AppleWebKit/537.36 (KHTML, like Gecko) Chrome/137.0.0.0 Safari/537.36"
info: Fetching public suggestions for dashboard {"timestamp":"2025-06-16T18:55:10.179Z"}
info: Found 3 organizations for admin with statuses: {"0":{"name":"Centar","status":"approved"},"1":{"name":"OU Palma","status":"approved"},"2":{"name":"UG Alternativa","status":"approved"},"timestamp":"2025-06-16T18:55:10.184Z"}
127.0.0.1 - - [16/Jun/2025:18:55:10 +0000] "GET /api/admin/organizations HTTP/1.1" 304 - "http://localhost:3000/" "Mozilla/5.0 (Windows NT 10.0; Win64; x64) AppleWebKit/537.36 (KHTML, like Gecko) Chrome/137.0.0.0 Safari/537.36"
info: Found 2 lectures: {"0":{"id":"684b45c8029fc23960ef9753","status":"approved","title":"U potrazi za smislom života"},"1":{"id":"68487cd75e0a4fb9d63d8b62","status":"approved","title":"On je Allah"},"timestamp":"2025-06-16T18:55:10.186Z"}
127.0.0.1 - - [16/Jun/2025:18:55:10 +0000] "GET /api/lectures HTTP/1.1" 200 1373 "http://localhost:3000/" "Mozilla/5.0 (Windows NT 10.0; Win64; x64) AppleWebKit/537.36 (KHTML, like Gecko) Chrome/137.0.0.0 Safari/537.36"
info: Fetching public archived suggestions for dashboard {"timestamp":"2025-06-16T18:55:10.188Z"}
info: Fetching public suggestions count for dashboard {"timestamp":"2025-06-16T18:55:10.191Z"}
info: Found 0 suggestions for dashboard {"timestamp":"2025-06-16T18:55:10.220Z"}
127.0.0.1 - - [16/Jun/2025:18:55:10 +0000] "GET /api/suggestions/public HTTP/1.1" 304 - "http://localhost:3000/" "Mozilla/5.0 (Windows NT 10.0; Win64; x64) AppleWebKit/537.36 (KHTML, like Gecko) Chrome/137.0.0.0 Safari/537.36"
info: Fetching public settings for dashboard {"timestamp":"2025-06-16T18:55:10.222Z"}
info: Found 0 archived suggestions for dashboard {"timestamp":"2025-06-16T18:55:10.233Z"}
127.0.0.1 - - [16/Jun/2025:18:55:10 +0000] "GET /api/suggestions/archived/public HTTP/1.1" 304 - "http://localhost:3000/" "Mozilla/5.0 (Windows NT 10.0; Win64; x64) AppleWebKit/537.36 (KHTML, like Gecko) Chrome/137.0.0.0 Safari/537.36"
info: Found settings for dashboard: {"approvalSettings":{"daija":true,"lecture":true,"organization":true},"timestamp":"2025-06-16T18:55:10.261Z"}
127.0.0.1 - - [16/Jun/2025:18:55:10 +0000] "GET /api/settings/public HTTP/1.1" 304 - "http://localhost:3000/" "Mozilla/5.0 (Windows NT 10.0; Win64; x64) AppleWebKit/537.36 (KHTML, like Gecko) Chrome/137.0.0.0 Safari/537.36"
info: Found suggestions count for dashboard: {"approved":0,"pending":0,"rejected":0,"timestamp":"2025-06-16T18:55:10.355Z","total":0}
127.0.0.1 - - [16/Jun/2025:18:55:10 +0000] "GET /api/suggestions/count/public HTTP/1.1" 304 - "http://localhost:3000/" "Mozilla/5.0 (Windows NT 10.0; Win64; x64) AppleWebKit/537.36 (KHTML, like Gecko) Chrome/137.0.0.0 Safari/537.36"
🚀 [PERFORMANCE] /api/lectures/public endpoint called at: 2025-06-16T18:55:28.236Z
info: Fetching public lectures {"timestamp":"2025-06-16T18:55:28.236Z"}
📊 [PERFORMANCE] Database state: connected (1)
🔍 [PERFORMANCE] Starting super-optimized database query...
✅ [PERFORMANCE] Used hint-forced query
⚡ [PERFORMANCE] Super-optimized database query completed in: 89ms
📊 [PERFORMANCE] Found 2 public lectures
info: Found 2 public lectures {"timestamp":"2025-06-16T18:55:28.326Z"}
🔄 [PERFORMANCE] Starting lightning-fast data transformation...
⚡ [PERFORMANCE] Lightning-fast data transformation completed in: 0ms
📅 [PERFORMANCE] Starting custom date-based sorting...
📅 [PERFORMANCE] Custom sorting completed in: 0ms
📊 [PERFORMANCE] Future lectures: 1, Past lectures: 1
📈 [PERFORMANCE] Super-optimized endpoint timing breakdown:
  - Database query: 89ms (96.7%)
  - Data transformation: 0ms (0.0%)
  - Custom sorting: 0ms (0.0%)
  - Total endpoint time: 92ms
🎯 [PERFORMANCE] Performance grade: VERY_GOOD (92ms)
127.0.0.1 - - [16/Jun/2025:18:55:28 +0000] "GET /api/lectures/public HTTP/1.1" 304 - "http://localhost:3000/" "Mozilla/5.0 (Windows NT 10.0; Win64; x64) AppleWebKit/537.36 (KHTML, like Gecko) Chrome/137.0.0.0 Safari/537.36"
🚀 [PERFORMANCE] /api/lectures/public endpoint called at: 2025-06-16T18:55:28.330Z
info: Fetching public lectures {"timestamp":"2025-06-16T18:55:28.330Z"}
📊 [PERFORMANCE] Database state: connected (1)
🔍 [PERFORMANCE] Starting super-optimized database query...
info: Fetching all organizations {"timestamp":"2025-06-16T18:55:28.334Z"}
info: Found 3 approved organizations {"timestamp":"2025-06-16T18:55:28.378Z"}
✅ [PERFORMANCE] Used hint-forced query
⚡ [PERFORMANCE] Super-optimized database query completed in: 82ms
📊 [PERFORMANCE] Found 2 public lectures
info: Found 2 public lectures {"timestamp":"2025-06-16T18:55:28.413Z"}
🔄 [PERFORMANCE] Starting lightning-fast data transformation...
⚡ [PERFORMANCE] Lightning-fast data transformation completed in: 0ms
📅 [PERFORMANCE] Starting custom date-based sorting...
📅 [PERFORMANCE] Custom sorting completed in: 1ms
📊 [PERFORMANCE] Future lectures: 1, Past lectures: 1
📈 [PERFORMANCE] Super-optimized endpoint timing breakdown:
  - Database query: 82ms (97.6%)
  - Data transformation: 0ms (0.0%)
  - Custom sorting: 1ms (1.2%)
  - Total endpoint time: 84ms
🎯 [PERFORMANCE] Performance grade: VERY_GOOD (84ms)
127.0.0.1 - - [16/Jun/2025:18:55:28 +0000] "GET /api/lectures/public HTTP/1.1" 304 - "http://localhost:3000/" "Mozilla/5.0 (Windows NT 10.0; Win64; x64) AppleWebKit/537.36 (KHTML, like Gecko) Chrome/137.0.0.0 Safari/537.36"
info: Processed 3 organizations with lecture counts {"timestamp":"2025-06-16T18:55:28.427Z"}
127.0.0.1 - - [16/Jun/2025:18:55:28 +0000] "GET /api/organizations HTTP/1.1" 304 - "http://localhost:3000/" "Mozilla/5.0 (Windows NT 10.0; Win64; x64) AppleWebKit/537.36 (KHTML, like Gecko) Chrome/137.0.0.0 Safari/537.36"
info: Fetching all organizations {"timestamp":"2025-06-16T18:55:28.429Z"}
info: Fetching all daije {"timestamp":"2025-06-16T18:55:28.454Z"}
info: Found 3 approved organizations {"timestamp":"2025-06-16T18:55:28.480Z"}
info: Found 14 approved daije {"timestamp":"2025-06-16T18:55:28.500Z"}
info: Processed 3 organizations with lecture counts {"timestamp":"2025-06-16T18:55:28.524Z"}
127.0.0.1 - - [16/Jun/2025:18:55:28 +0000] "GET /api/organizations HTTP/1.1" 304 - "http://localhost:3000/" "Mozilla/5.0 (Windows NT 10.0; Win64; x64) AppleWebKit/537.36 (KHTML, like Gecko) Chrome/137.0.0.0 Safari/537.36"
info: Processed 14 daije with lecture counts {"timestamp":"2025-06-16T18:55:28.698Z"}
127.0.0.1 - - [16/Jun/2025:18:55:28 +0000] "GET /api/daije HTTP/1.1" 304 - "http://localhost:3000/" "Mozilla/5.0 (Windows NT 10.0; Win64; x64) AppleWebKit/537.36 (KHTML, like Gecko) Chrome/137.0.0.0 Safari/537.36"
info: Fetching all daije {"timestamp":"2025-06-16T18:55:28.700Z"}
info: Found 14 approved daije {"timestamp":"2025-06-16T18:55:28.745Z"}
info: Processed 14 daije with lecture counts {"timestamp":"2025-06-16T18:55:28.796Z"}
127.0.0.1 - - [16/Jun/2025:18:55:28 +0000] "GET /api/daije HTTP/1.1" 304 - "http://localhost:3000/" "Mozilla/5.0 (Windows NT 10.0; Win64; x64) AppleWebKit/537.36 (KHTML, like Gecko) Chrome/137.0.0.0 Safari/537.36"
info: Fetching public settings for dashboard {"timestamp":"2025-06-16T18:56:53.555Z"}
info: Fetching public users for dashboard {"timestamp":"2025-06-16T18:56:53.558Z"}
info: Fetching public archived suggestions for dashboard {"timestamp":"2025-06-16T18:56:53.560Z"}
info: Fetching lectures for user: {"timestamp":"2025-06-16T18:56:53.561Z"}
🚀 JWT MIDDLEWARE STARTED - Entry point
🔍 Request details: { method: 'GET', url: '/api/admin/daije', path: '/api/admin/daije' }
🔧 JWT Middleware started for: {
  method: 'GET',
  url: '/api/admin/daije',
  path: '/api/admin/daije',
  headers: {
    authorization: 'Present',
    userAgent: 'Mozilla/5.0 (Windows NT 10.0; Win64; x64) AppleWeb...'
  }
}
📋 Authorization header: Bearer eyJhbGciOiJIUzI1NiIsInR...
🔑 Token found, verifying... {
  tokenPreview: 'eyJhbGciOiJIUzI1NiIs...',
  tokenLength: 223,
  jwtSecret: 'Present'
}
✅ Decoded user from token: {
  id: '684ac7db472c4651c8267b81',
  username: 'Avdo',
  role: 'super_admin',
  iat: 1749731803,
  exp: 1750336603
}
🔧 Token payload details: {
  fullDecoded: {
    id: '684ac7db472c4651c8267b81',
    username: 'Avdo',
    role: 'super_admin',
    iat: 1749731803,
    exp: 1750336603
  },
  hasId: true,
  hasUserId: false,
  has_id: false,
  userId: '684ac7db472c4651c8267b81',
  email: undefined,
  role: 'super_admin',
  exp: 1750336603,
  iat: 1749731803,
  expiresAt: '2025-06-19T12:36:43.000Z',
  allKeys: [ 'id', 'username', 'role', 'iat', 'exp' ]
}
🔧 JWT Middleware completed successfully, calling next()
🔧 req.user set to: {
  id: '684ac7db472c4651c8267b81',
  username: 'Avdo',
  role: 'super_admin',
  iat: 1749731803,
  exp: 1750336603
}
info: Checking admin/super_admin access: {"allowedRoles":["admin","super_admin"],"role":"super_admin","timestamp":"2025-06-16T18:56:53.568Z","user":{"exp":1750336603,"iat":1749731803,"id":"684ac7db472c4651c8267b81","role":"super_admin","username":"Avdo"}}
info: Access granted for role: {"timestamp":"2025-06-16T18:56:53.568Z"}
info: Admin fetching all daije (including pending/rejected) {"timestamp":"2025-06-16T18:56:53.568Z"}
info: Fetching public suggestions count for dashboard {"timestamp":"2025-06-16T18:56:53.571Z"}
info: Found 3 users for dashboard {"timestamp":"2025-06-16T18:56:53.605Z"}
127.0.0.1 - - [16/Jun/2025:18:56:53 +0000] "GET /api/users/public HTTP/1.1" 304 - "http://localhost:3000/" "Mozilla/5.0 (Windows NT 10.0; Win64; x64) AppleWebKit/537.36 (KHTML, like Gecko) Chrome/137.0.0.0 Safari/537.36"
info: Found 0 archived suggestions for dashboard {"timestamp":"2025-06-16T18:56:53.607Z"}
127.0.0.1 - - [16/Jun/2025:18:56:53 +0000] "GET /api/suggestions/archived/public HTTP/1.1" 304 - "http://localhost:3000/" "Mozilla/5.0 (Windows NT 10.0; Win64; x64) AppleWebKit/537.36 (KHTML, like Gecko) Chrome/137.0.0.0 Safari/537.36"
🚀 JWT MIDDLEWARE STARTED - Entry point
🔍 Request details: {
  method: 'GET',
  url: '/api/admin/organizations',
  path: '/api/admin/organizations'
}
🔧 JWT Middleware started for: {
  method: 'GET',
  url: '/api/admin/organizations',
  path: '/api/admin/organizations',
  headers: {
    authorization: 'Present',
    userAgent: 'Mozilla/5.0 (Windows NT 10.0; Win64; x64) AppleWeb...'
  }
}
📋 Authorization header: Bearer eyJhbGciOiJIUzI1NiIsInR...
🔑 Token found, verifying... {
  tokenPreview: 'eyJhbGciOiJIUzI1NiIs...',
  tokenLength: 223,
  jwtSecret: 'Present'
}
✅ Decoded user from token: {
  id: '684ac7db472c4651c8267b81',
  username: 'Avdo',
  role: 'super_admin',
  iat: 1749731803,
  exp: 1750336603
}
🔧 Token payload details: {
  fullDecoded: {
    id: '684ac7db472c4651c8267b81',
    username: 'Avdo',
    role: 'super_admin',
    iat: 1749731803,
    exp: 1750336603
  },
  hasId: true,
  hasUserId: false,
  has_id: false,
  userId: '684ac7db472c4651c8267b81',
  email: undefined,
  role: 'super_admin',
  exp: 1750336603,
  iat: 1749731803,
  expiresAt: '2025-06-19T12:36:43.000Z',
  allKeys: [ 'id', 'username', 'role', 'iat', 'exp' ]
}
🔧 JWT Middleware completed successfully, calling next()
🔧 req.user set to: {
  id: '684ac7db472c4651c8267b81',
  username: 'Avdo',
  role: 'super_admin',
  iat: 1749731803,
  exp: 1750336603
}
info: Checking admin/super_admin access: {"allowedRoles":["admin","super_admin"],"role":"super_admin","timestamp":"2025-06-16T18:56:53.611Z","user":{"exp":1750336603,"iat":1749731803,"id":"684ac7db472c4651c8267b81","role":"super_admin","username":"Avdo"}}
info: Access granted for role: {"timestamp":"2025-06-16T18:56:53.611Z"}
info: Admin fetching all organizations (including pending/rejected) {"timestamp":"2025-06-16T18:56:53.611Z"}
info: Fetching public suggestions for dashboard {"timestamp":"2025-06-16T18:56:53.613Z"}
info: Found settings for dashboard: {"approvalSettings":{"daija":true,"lecture":true,"organization":true},"timestamp":"2025-06-16T18:56:53.616Z"}
127.0.0.1 - - [16/Jun/2025:18:56:53 +0000] "GET /api/settings/public HTTP/1.1" 304 - "http://localhost:3000/" "Mozilla/5.0 (Windows NT 10.0; Win64; x64) AppleWebKit/537.36 (KHTML, like Gecko) Chrome/137.0.0.0 Safari/537.36"
info: Fetching public settings for dashboard {"timestamp":"2025-06-16T18:56:53.618Z"}
info: Found 14 daije for admin {"timestamp":"2025-06-16T18:56:53.624Z"}
127.0.0.1 - - [16/Jun/2025:18:56:53 +0000] "GET /api/admin/daije HTTP/1.1" 304 - "http://localhost:3000/" "Mozilla/5.0 (Windows NT 10.0; Win64; x64) AppleWebKit/537.36 (KHTML, like Gecko) Chrome/137.0.0.0 Safari/537.36"
info: Found 3 organizations for admin with statuses: {"0":{"name":"Centar","status":"approved"},"1":{"name":"OU Palma","status":"approved"},"2":{"name":"UG Alternativa","status":"approved"},"timestamp":"2025-06-16T18:56:53.653Z"}
127.0.0.1 - - [16/Jun/2025:18:56:53 +0000] "GET /api/admin/organizations HTTP/1.1" 304 - "http://localhost:3000/" "Mozilla/5.0 (Windows NT 10.0; Win64; x64) AppleWebKit/537.36 (KHTML, like Gecko) Chrome/137.0.0.0 Safari/537.36"
info: Found 0 suggestions for dashboard {"timestamp":"2025-06-16T18:56:53.656Z"}
127.0.0.1 - - [16/Jun/2025:18:56:53 +0000] "GET /api/suggestions/public HTTP/1.1" 304 - "http://localhost:3000/" "Mozilla/5.0 (Windows NT 10.0; Win64; x64) AppleWebKit/537.36 (KHTML, like Gecko) Chrome/137.0.0.0 Safari/537.36"
info: Found 2 lectures: {"0":{"id":"684b45c8029fc23960ef9753","status":"approved","title":"U potrazi za smislom života"},"1":{"id":"68487cd75e0a4fb9d63d8b62","status":"approved","title":"On je Allah"},"timestamp":"2025-06-16T18:56:53.659Z"}
127.0.0.1 - - [16/Jun/2025:18:56:53 +0000] "GET /api/lectures HTTP/1.1" 304 - "http://localhost:3000/" "Mozilla/5.0 (Windows NT 10.0; Win64; x64) AppleWebKit/537.36 (KHTML, like Gecko) Chrome/137.0.0.0 Safari/537.36"
info: Found settings for dashboard: {"approvalSettings":{"daija":true,"lecture":true,"organization":true},"timestamp":"2025-06-16T18:56:53.666Z"}
127.0.0.1 - - [16/Jun/2025:18:56:53 +0000] "GET /api/settings/public HTTP/1.1" 304 - "http://localhost:3000/" "Mozilla/5.0 (Windows NT 10.0; Win64; x64) AppleWebKit/537.36 (KHTML, like Gecko) Chrome/137.0.0.0 Safari/537.36"
info: Found suggestions count for dashboard: {"approved":0,"pending":0,"rejected":0,"timestamp":"2025-06-16T18:56:53.756Z","total":0}
127.0.0.1 - - [16/Jun/2025:18:56:53 +0000] "GET /api/suggestions/count/public HTTP/1.1" 304 - "http://localhost:3000/" "Mozilla/5.0 (Windows NT 10.0; Win64; x64) AppleWebKit/537.36 (KHTML, like Gecko) Chrome/137.0.0.0 Safari/537.36"
info: Fetching all daije {"timestamp":"2025-06-16T18:56:55.602Z"}
info: Fetching all organizations {"timestamp":"2025-06-16T18:56:55.604Z"}
info: Found 14 approved daije {"timestamp":"2025-06-16T18:56:55.653Z"}
info: Found 3 approved organizations {"timestamp":"2025-06-16T18:56:55.659Z"}
info: Processed 14 daije with lecture counts {"timestamp":"2025-06-16T18:56:55.713Z"}
127.0.0.1 - - [16/Jun/2025:18:56:55 +0000] "GET /api/daije HTTP/1.1" 304 - "http://localhost:3000/" "Mozilla/5.0 (Windows NT 10.0; Win64; x64) AppleWebKit/537.36 (KHTML, like Gecko) Chrome/137.0.0.0 Safari/537.36"
info: Processed 3 organizations with lecture counts {"timestamp":"2025-06-16T18:56:55.714Z"}
127.0.0.1 - - [16/Jun/2025:18:56:55 +0000] "GET /api/organizations HTTP/1.1" 304 - "http://localhost:3000/" "Mozilla/5.0 (Windows NT 10.0; Win64; x64) AppleWebKit/537.36 (KHTML, like Gecko) Chrome/137.0.0.0 Safari/537.36"
🚀 [PERFORMANCE] /api/lectures/public endpoint called at: 2025-06-16T18:57:00.296Z
info: Fetching public lectures {"timestamp":"2025-06-16T18:57:00.296Z"}
📊 [PERFORMANCE] Database state: connected (1)
🔍 [PERFORMANCE] Starting super-optimized database query...
✅ [PERFORMANCE] Used hint-forced query
⚡ [PERFORMANCE] Super-optimized database query completed in: 85ms
📊 [PERFORMANCE] Found 2 public lectures
info: Found 2 public lectures {"timestamp":"2025-06-16T18:57:00.382Z"}
🔄 [PERFORMANCE] Starting lightning-fast data transformation...
⚡ [PERFORMANCE] Lightning-fast data transformation completed in: 0ms
📅 [PERFORMANCE] Starting custom date-based sorting...
📅 [PERFORMANCE] Custom sorting completed in: 0ms
📊 [PERFORMANCE] Future lectures: 1, Past lectures: 1
📈 [PERFORMANCE] Super-optimized endpoint timing breakdown:
  - Database query: 85ms (97.7%)
  - Data transformation: 0ms (0.0%)
  - Custom sorting: 0ms (0.0%)
  - Total endpoint time: 87ms
🎯 [PERFORMANCE] Performance grade: VERY_GOOD (87ms)
127.0.0.1 - - [16/Jun/2025:18:57:00 +0000] "GET /api/lectures/public HTTP/1.1" 304 - "http://localhost:3000/" "Mozilla/5.0 (Windows NT 10.0; Win64; x64) AppleWebKit/537.36 (KHTML, like Gecko) Chrome/137.0.0.0 Safari/537.36"
🚀 [PERFORMANCE] /api/lectures/public endpoint called at: 2025-06-16T18:57:00.386Z
info: Fetching public lectures {"timestamp":"2025-06-16T18:57:00.387Z"}
📊 [PERFORMANCE] Database state: connected (1)
🔍 [PERFORMANCE] Starting super-optimized database query...
info: Fetching all organizations {"timestamp":"2025-06-16T18:57:00.391Z"}
info: Found 3 approved organizations {"timestamp":"2025-06-16T18:57:00.434Z"}
✅ [PERFORMANCE] Used hint-forced query
⚡ [PERFORMANCE] Super-optimized database query completed in: 81ms
📊 [PERFORMANCE] Found 2 public lectures
info: Found 2 public lectures {"timestamp":"2025-06-16T18:57:00.469Z"}
🔄 [PERFORMANCE] Starting lightning-fast data transformation...
⚡ [PERFORMANCE] Lightning-fast data transformation completed in: 0ms
📅 [PERFORMANCE] Starting custom date-based sorting...
📅 [PERFORMANCE] Custom sorting completed in: 0ms
📊 [PERFORMANCE] Future lectures: 1, Past lectures: 1
📈 [PERFORMANCE] Super-optimized endpoint timing breakdown:
  - Database query: 81ms (96.4%)
  - Data transformation: 0ms (0.0%)
  - Custom sorting: 0ms (0.0%)
  - Total endpoint time: 84ms
🎯 [PERFORMANCE] Performance grade: VERY_GOOD (84ms)
127.0.0.1 - - [16/Jun/2025:18:57:00 +0000] "GET /api/lectures/public HTTP/1.1" 304 - "http://localhost:3000/" "Mozilla/5.0 (Windows NT 10.0; Win64; x64) AppleWebKit/537.36 (KHTML, like Gecko) Chrome/137.0.0.0 Safari/537.36"
info: Processed 3 organizations with lecture counts {"timestamp":"2025-06-16T18:57:00.482Z"}
127.0.0.1 - - [16/Jun/2025:18:57:00 +0000] "GET /api/organizations HTTP/1.1" 304 - "http://localhost:3000/" "Mozilla/5.0 (Windows NT 10.0; Win64; x64) AppleWebKit/537.36 (KHTML, like Gecko) Chrome/137.0.0.0 Safari/537.36"
info: Fetching all organizations {"timestamp":"2025-06-16T18:57:00.484Z"}
info: Fetching all daije {"timestamp":"2025-06-16T18:57:00.523Z"}
info: Found 3 approved organizations {"timestamp":"2025-06-16T18:57:00.530Z"}
info: Found 14 approved daije {"timestamp":"2025-06-16T18:57:00.568Z"}
info: Processed 3 organizations with lecture counts {"timestamp":"2025-06-16T18:57:00.576Z"}
127.0.0.1 - - [16/Jun/2025:18:57:00 +0000] "GET /api/organizations HTTP/1.1" 304 - "http://localhost:3000/" "Mozilla/5.0 (Windows NT 10.0; Win64; x64) AppleWebKit/537.36 (KHTML, like Gecko) Chrome/137.0.0.0 Safari/537.36"
info: Processed 14 daije with lecture counts {"timestamp":"2025-06-16T18:57:00.628Z"}
127.0.0.1 - - [16/Jun/2025:18:57:00 +0000] "GET /api/daije HTTP/1.1" 304 - "http://localhost:3000/" "Mozilla/5.0 (Windows NT 10.0; Win64; x64) AppleWebKit/537.36 (KHTML, like Gecko) Chrome/137.0.0.0 Safari/537.36"
info: Fetching all daije {"timestamp":"2025-06-16T18:57:00.630Z"}
info: Found 14 approved daije {"timestamp":"2025-06-16T18:57:00.680Z"}
info: Processed 14 daije with lecture counts {"timestamp":"2025-06-16T18:57:00.732Z"}
127.0.0.1 - - [16/Jun/2025:18:57:00 +0000] "GET /api/daije HTTP/1.1" 304 - "http://localhost:3000/" "Mozilla/5.0 (Windows NT 10.0; Win64; x64) AppleWebKit/537.36 (KHTML, like Gecko) Chrome/137.0.0.0 Safari/537.36"
🚀 [PERFORMANCE] /api/lectures/public endpoint called at: 2025-06-16T19:22:41.410Z
info: Fetching public lectures {"timestamp":"2025-06-16T19:22:41.410Z"}
📊 [PERFORMANCE] Database state: connected (1)
🔍 [PERFORMANCE] Starting super-optimized database query...
✅ [PERFORMANCE] Used hint-forced query
⚡ [PERFORMANCE] Super-optimized database query completed in: 106ms
📊 [PERFORMANCE] Found 2 public lectures
info: Found 2 public lectures {"timestamp":"2025-06-16T19:22:41.519Z"}
🔄 [PERFORMANCE] Starting lightning-fast data transformation...
⚡ [PERFORMANCE] Lightning-fast data transformation completed in: 0ms
📅 [PERFORMANCE] Starting custom date-based sorting...
📅 [PERFORMANCE] Custom sorting completed in: 1ms
📊 [PERFORMANCE] Future lectures: 1, Past lectures: 1
📈 [PERFORMANCE] Super-optimized endpoint timing breakdown:
  - Database query: 106ms (96.4%)
  - Data transformation: 0ms (0.0%)
  - Custom sorting: 1ms (0.9%)
  - Total endpoint time: 110ms
🎯 [PERFORMANCE] Performance grade: GOOD (110ms)
127.0.0.1 - - [16/Jun/2025:19:22:41 +0000] "GET /api/lectures/public HTTP/1.1" 304 - "http://localhost:3000/" "Mozilla/5.0 (Windows NT 10.0; Win64; x64) AppleWebKit/537.36 (KHTML, like Gecko) Chrome/137.0.0.0 Safari/537.36"
🚀 [PERFORMANCE] /api/lectures/public endpoint called at: 2025-06-16T19:22:41.522Z
info: Fetching public lectures {"timestamp":"2025-06-16T19:22:41.523Z"}
📊 [PERFORMANCE] Database state: connected (1)
🔍 [PERFORMANCE] Starting super-optimized database query...
info: Fetching all organizations {"timestamp":"2025-06-16T19:22:41.526Z"}
info: Found 3 approved organizations {"timestamp":"2025-06-16T19:22:41.573Z"}
✅ [PERFORMANCE] Used hint-forced query
⚡ [PERFORMANCE] Super-optimized database query completed in: 94ms
📊 [PERFORMANCE] Found 2 public lectures
info: Found 2 public lectures {"timestamp":"2025-06-16T19:22:41.618Z"}
🔄 [PERFORMANCE] Starting lightning-fast data transformation...
⚡ [PERFORMANCE] Lightning-fast data transformation completed in: 0ms
📅 [PERFORMANCE] Starting custom date-based sorting...
📅 [PERFORMANCE] Custom sorting completed in: 0ms
📊 [PERFORMANCE] Future lectures: 1, Past lectures: 1
📈 [PERFORMANCE] Super-optimized endpoint timing breakdown:
  - Database query: 94ms (96.9%)
  - Data transformation: 0ms (0.0%)
  - Custom sorting: 0ms (0.0%)
  - Total endpoint time: 97ms
🎯 [PERFORMANCE] Performance grade: VERY_GOOD (97ms)
127.0.0.1 - - [16/Jun/2025:19:22:41 +0000] "GET /api/lectures/public HTTP/1.1" 304 - "http://localhost:3000/" "Mozilla/5.0 (Windows NT 10.0; Win64; x64) AppleWebKit/537.36 (KHTML, like Gecko) Chrome/137.0.0.0 Safari/537.36"
info: Processed 3 organizations with lecture counts {"timestamp":"2025-06-16T19:22:41.624Z"}
127.0.0.1 - - [16/Jun/2025:19:22:41 +0000] "GET /api/organizations HTTP/1.1" 304 - "http://localhost:3000/" "Mozilla/5.0 (Windows NT 10.0; Win64; x64) AppleWebKit/537.36 (KHTML, like Gecko) Chrome/137.0.0.0 Safari/537.36"
info: Fetching all organizations {"timestamp":"2025-06-16T19:22:41.625Z"}
info: Found 3 approved organizations {"timestamp":"2025-06-16T19:22:41.673Z"}
info: Fetching all daije {"timestamp":"2025-06-16T19:22:41.694Z"}
info: Processed 3 organizations with lecture counts {"timestamp":"2025-06-16T19:22:41.717Z"}
127.0.0.1 - - [16/Jun/2025:19:22:41 +0000] "GET /api/organizations HTTP/1.1" 304 - "http://localhost:3000/" "Mozilla/5.0 (Windows NT 10.0; Win64; x64) AppleWebKit/537.36 (KHTML, like Gecko) Chrome/137.0.0.0 Safari/537.36"
info: Found 14 approved daije {"timestamp":"2025-06-16T19:22:41.742Z"}
info: Processed 14 daije with lecture counts {"timestamp":"2025-06-16T19:22:41.798Z"}
127.0.0.1 - - [16/Jun/2025:19:22:41 +0000] "GET /api/daije HTTP/1.1" 304 - "http://localhost:3000/" "Mozilla/5.0 (Windows NT 10.0; Win64; x64) AppleWebKit/537.36 (KHTML, like Gecko) Chrome/137.0.0.0 Safari/537.36"
info: Fetching all daije {"timestamp":"2025-06-16T19:22:41.800Z"}
info: Found 14 approved daije {"timestamp":"2025-06-16T19:22:41.846Z"}
info: Processed 14 daije with lecture counts {"timestamp":"2025-06-16T19:22:41.899Z"}
127.0.0.1 - - [16/Jun/2025:19:22:41 +0000] "GET /api/daije HTTP/1.1" 304 - "http://localhost:3000/" "Mozilla/5.0 (Windows NT 10.0; Win64; x64) AppleWebKit/537.36 (KHTML, like Gecko) Chrome/137.0.0.0 Safari/537.36"
🚀 [PERFORMANCE] /api/lectures/public endpoint called at: 2025-06-16T22:54:06.547Z
info: Fetching public lectures {"timestamp":"2025-06-16T22:54:06.550Z"}
📊 [PERFORMANCE] Database state: connected (1)
🔍 [PERFORMANCE] Starting super-optimized database query...
✅ [PERFORMANCE] Used hint-forced query
⚡ [PERFORMANCE] Super-optimized database query completed in: 123ms
📊 [PERFORMANCE] Found 2 public lectures
info: Found 2 public lectures {"timestamp":"2025-06-16T22:54:06.677Z"}
🔄 [PERFORMANCE] Starting lightning-fast data transformation...
⚡ [PERFORMANCE] Lightning-fast data transformation completed in: 0ms
📅 [PERFORMANCE] Starting custom date-based sorting...
📅 [PERFORMANCE] Custom sorting completed in: 0ms
📊 [PERFORMANCE] Future lectures: 1, Past lectures: 1
📈 [PERFORMANCE] Super-optimized endpoint timing breakdown:
  - Database query: 123ms (93.2%)
  - Data transformation: 0ms (0.0%)
  - Custom sorting: 0ms (0.0%)
  - Total endpoint time: 132ms
🎯 [PERFORMANCE] Performance grade: GOOD (132ms)
127.0.0.1 - - [16/Jun/2025:22:54:06 +0000] "GET /api/lectures/public HTTP/1.1" 304 - "http://localhost:3000/" "Mozilla/5.0 (Windows NT 10.0; Win64; x64) AppleWebKit/537.36 (KHTML, like Gecko) Chrome/137.0.0.0 Safari/537.36"
🚀 [PERFORMANCE] /api/lectures/public endpoint called at: 2025-06-16T22:54:06.684Z
info: Fetching public lectures {"timestamp":"2025-06-16T22:54:06.684Z"}
📊 [PERFORMANCE] Database state: connected (1)
🔍 [PERFORMANCE] Starting super-optimized database query...
info: Fetching all organizations {"timestamp":"2025-06-16T22:54:06.688Z"}
info: Found 3 approved organizations {"timestamp":"2025-06-16T22:54:06.740Z"}
✅ [PERFORMANCE] Used hint-forced query
⚡ [PERFORMANCE] Super-optimized database query completed in: 97ms
📊 [PERFORMANCE] Found 2 public lectures
info: Found 2 public lectures {"timestamp":"2025-06-16T22:54:06.782Z"}
🔄 [PERFORMANCE] Starting lightning-fast data transformation...
⚡ [PERFORMANCE] Lightning-fast data transformation completed in: 1ms
📅 [PERFORMANCE] Starting custom date-based sorting...
📅 [PERFORMANCE] Custom sorting completed in: 0ms
📊 [PERFORMANCE] Future lectures: 1, Past lectures: 1
📈 [PERFORMANCE] Super-optimized endpoint timing breakdown:
  - Database query: 97ms (98.0%)
  - Data transformation: 1ms (1.0%)
  - Custom sorting: 0ms (0.0%)
  - Total endpoint time: 99ms
🎯 [PERFORMANCE] Performance grade: VERY_GOOD (99ms)
127.0.0.1 - - [16/Jun/2025:22:54:06 +0000] "GET /api/lectures/public HTTP/1.1" 304 - "http://localhost:3000/" "Mozilla/5.0 (Windows NT 10.0; Win64; x64) AppleWebKit/537.36 (KHTML, like Gecko) Chrome/137.0.0.0 Safari/537.36"
info: Processed 3 organizations with lecture counts {"timestamp":"2025-06-16T22:54:06.790Z"}
127.0.0.1 - - [16/Jun/2025:22:54:06 +0000] "GET /api/organizations HTTP/1.1" 304 - "http://localhost:3000/" "Mozilla/5.0 (Windows NT 10.0; Win64; x64) AppleWebKit/537.36 (KHTML, like Gecko) Chrome/137.0.0.0 Safari/537.36"
info: Fetching all organizations {"timestamp":"2025-06-16T22:54:06.792Z"}
info: Fetching all daije {"timestamp":"2025-06-16T22:54:06.833Z"}
info: Found 3 approved organizations {"timestamp":"2025-06-16T22:54:06.835Z"}
info: Found 14 approved daije {"timestamp":"2025-06-16T22:54:06.879Z"}
info: Processed 3 organizations with lecture counts {"timestamp":"2025-06-16T22:54:06.885Z"}
127.0.0.1 - - [16/Jun/2025:22:54:06 +0000] "GET /api/organizations HTTP/1.1" 304 - "http://localhost:3000/" "Mozilla/5.0 (Windows NT 10.0; Win64; x64) AppleWebKit/537.36 (KHTML, like Gecko) Chrome/137.0.0.0 Safari/537.36"
info: Processed 14 daije with lecture counts {"timestamp":"2025-06-16T22:54:06.944Z"}
127.0.0.1 - - [16/Jun/2025:22:54:06 +0000] "GET /api/daije HTTP/1.1" 304 - "http://localhost:3000/" "Mozilla/5.0 (Windows NT 10.0; Win64; x64) AppleWebKit/537.36 (KHTML, like Gecko) Chrome/137.0.0.0 Safari/537.36"
info: Fetching all daije {"timestamp":"2025-06-16T22:54:06.945Z"}
info: Found 14 approved daije {"timestamp":"2025-06-16T22:54:06.992Z"}
info: Processed 14 daije with lecture counts {"timestamp":"2025-06-16T22:54:07.039Z"}
127.0.0.1 - - [16/Jun/2025:22:54:07 +0000] "GET /api/daije HTTP/1.1" 304 - "http://localhost:3000/" "Mozilla/5.0 (Windows NT 10.0; Win64; x64) AppleWebKit/537.36 (KHTML, like Gecko) Chrome/137.0.0.0 Safari/537.36"
